// Vitest Snapshot v1, https://vitest.dev/guide/snapshot.html

exports[`delegationPortfolioStore > sets the current portfolio 1`] = `
[
  {
    "displayData": {
      "apy": undefined,
      "cost": "-% + 340ADA",
      "description": undefined,
      "fee": "340.00",
      "hexId": "39deffa1dfcfe192ea0efeb3e9bcd9878190627fb590ec81f390cd6d",
      "id": "pool18800lgwlelse96swl6e7n0xes7qeqcnlkkgweq0njrxk66zlj9a",
      "isStakingPool": undefined,
      "lastReward": 1111n,
      "logo": "data:image/svg+xml;utf8,%3Csvg%20xmlns%3D%22http%3A%2F%2Fwww.w3.org%2F2000%2Fsvg%22%20width%3D%2230%22%20height%3D%2230%22%20viewBox%3D%220%200%2030%2030%22%3E%3Cpath%20fill%3D%22%23e5e5e5%22%20d%3D%22M15%209L9%209L9%206ZM15%209L15%203L18%203ZM15%2021L21%2021L21%2024ZM15%2021L15%2027L12%2027ZM9%2015L3%2015L3%2012ZM21%2015L21%209L24%209ZM21%2015L27%2015L27%2018ZM9%2015L9%2021L6%2021Z%22%2F%3E%3Cpath%20fill%3D%22%238bcc66%22%20d%3D%22M3%206L6%203L9%206L6%209ZM24%203L27%206L24%209L21%206ZM27%2024L24%2027L21%2024L24%2021ZM6%2027L3%2024L6%2021L9%2024ZM15%2012L15%2015L12%2015ZM18%2015L15%2015L15%2012ZM15%2018L15%2015L18%2015ZM12%2015L15%2015L15%2018Z%22%2F%3E%3C%2Fsvg%3E",
      "margin": "-",
      "name": "8BOOL",
      "owners": [],
      "pledge": "1000.00ADA",
      "retired": false,
      "saturation": undefined,
      "size": "- %",
      "ticker": "8BOOL",
      "totalRewards": 10000n,
    },
    "id": "39deffa1dfcfe192ea0efeb3e9bcd9878190627fb590ec81f390cd6d",
    "name": "8BOOL",
    "stakePool": {
      "cost": 340000000n,
      "hexId": "39deffa1dfcfe192ea0efeb3e9bcd9878190627fb590ec81f390cd6d",
      "id": "pool18800lgwlelse96swl6e7n0xes7qeqcnlkkgweq0njrxk66zlj9a",
      "metadata": {
        "name": "8BOOL",
        "ticker": "8BOOL",
      },
      "metrics": {},
      "pledge": 1000000000n,
    },
    "ticker": "8BOOL",
    "value": 1n,
    "weight": 33,
  },
  {
    "displayData": {
      "apy": undefined,
      "cost": "-% + 340ADA",
      "description": undefined,
      "fee": "340.00",
      "hexId": "39faf89aba3daab2bce656a9698b0a2c05e679c0fb360ee6e3b46acb",
      "id": "pool188a03x468k4t908x265knzc29sz7v7wqlvmqaehrk34vkll3e2h",
      "isStakingPool": undefined,
      "lastReward": 2222n,
      "logo": "data:image/svg+xml;utf8,%3Csvg%20xmlns%3D%22http%3A%2F%2Fwww.w3.org%2F2000%2Fsvg%22%20width%3D%2230%22%20height%3D%2230%22%20viewBox%3D%220%200%2030%2030%22%3E%3Cpath%20fill%3D%22%23329954%22%20d%3D%22M12%203L15%206L12%209L9%206ZM21%206L18%209L15%206L18%203ZM18%2027L15%2024L18%2021L21%2024ZM9%2024L12%2021L15%2024L12%2027ZM6%209L9%2012L6%2015L3%2012ZM27%2012L24%2015L21%2012L24%209ZM24%2021L21%2018L24%2015L27%2018ZM3%2018L6%2015L9%2018L6%2021Z%22%2F%3E%3Cpath%20fill%3D%22%23b2e5c3%22%20d%3D%22M6%209L3%206L6%203L9%206ZM21%206L24%203L27%206L24%209ZM24%2021L27%2024L24%2027L21%2024ZM9%2024L6%2027L3%2024L6%2021Z%22%2F%3E%3Cpath%20fill%3D%22%2366cc87%22%20d%3D%22M11%2011L15%2011L15%2015L11%2015ZM19%2011L19%2015L15%2015L15%2011ZM19%2019L15%2019L15%2015L19%2015ZM11%2019L11%2015L15%2015L15%2019Z%22%2F%3E%3C%2Fsvg%3E",
      "margin": "-",
      "name": "8BOOM",
      "owners": [],
      "pledge": "7000.00ADA",
      "retired": false,
      "saturation": undefined,
      "size": "- %",
      "ticker": "8BOOM",
      "totalRewards": 2222n,
    },
    "id": "39faf89aba3daab2bce656a9698b0a2c05e679c0fb360ee6e3b46acb",
    "name": "8BOOM",
    "stakePool": {
      "cost": 340000000n,
      "hexId": "39faf89aba3daab2bce656a9698b0a2c05e679c0fb360ee6e3b46acb",
      "id": "pool188a03x468k4t908x265knzc29sz7v7wqlvmqaehrk34vkll3e2h",
      "metadata": {
        "name": "8BOOM",
        "ticker": "8BOOM",
      },
      "metrics": {},
      "pledge": 7000000000n,
    },
    "ticker": "8BOOM",
    "value": 1n,
    "weight": 33,
  },
  {
    "displayData": {
      "apy": undefined,
      "cost": "-% + 340ADA",
      "description": undefined,
      "fee": "340.00",
      "hexId": "3867a09729a1f954762eea035a82e2d9d3a14f1fa791a022ef0da242",
      "id": "pool18pn6p9ef58u4ga3wagp44qhzm8f6zncl57g6qgh0pk3yytwz54h",
      "isStakingPool": undefined,
      "lastReward": 3333n,
      "logo": "data:image/svg+xml;utf8,%3Csvg%20xmlns%3D%22http%3A%2F%2Fwww.w3.org%2F2000%2Fsvg%22%20width%3D%2230%22%20height%3D%2230%22%20viewBox%3D%220%200%2030%2030%22%3E%3Cpath%20fill%3D%22%23e3e3e3%22%20d%3D%22M9%206L12%203L15%206L12%209ZM18%203L21%206L18%209L15%206ZM21%2024L18%2027L15%2024L18%2021ZM12%2027L9%2024L12%2021L15%2024ZM3%2012L6%209L9%2012L6%2015ZM24%209L27%2012L24%2015L21%2012ZM27%2018L24%2021L21%2018L24%2015ZM6%2021L3%2018L6%2015L9%2018Z%22%2F%3E%3Cpath%20fill%3D%22%2359c6c7%22%20d%3D%22M4%206a2%2C2%200%201%2C1%204%2C0a2%2C2%200%201%2C1%20-4%2C0M22%206a2%2C2%200%201%2C1%204%2C0a2%2C2%200%201%2C1%20-4%2C0M22%2024a2%2C2%200%201%2C1%204%2C0a2%2C2%200%201%2C1%20-4%2C0M4%2024a2%2C2%200%201%2C1%204%2C0a2%2C2%200%201%2C1%20-4%2C0M9%209L15%209L15%2015L9%2015ZM11%2014.2L14.2%2014.2L14.2%2011L11%2011ZM21%209L21%2015L15%2015L15%209ZM15.8%2011L15.8%2014.2L19%2014.2L19%2011ZM21%2021L15%2021L15%2015L21%2015ZM19%2015.8L15.8%2015.8L15.8%2019L19%2019ZM9%2021L9%2015L15%2015L15%2021ZM14.2%2019L14.2%2015.8L11%2015.8L11%2019Z%22%2F%3E%3C%2Fsvg%3E",
      "margin": "-",
      "name": "ADA Capital",
      "owners": [],
      "pledge": "1659000.00ADA",
      "retired": false,
      "saturation": undefined,
      "size": "- %",
      "ticker": "ADACT",
      "totalRewards": 3333n,
    },
    "id": "3867a09729a1f954762eea035a82e2d9d3a14f1fa791a022ef0da242",
    "name": "ADA Capital",
    "stakePool": {
      "cost": 340000000n,
      "hexId": "3867a09729a1f954762eea035a82e2d9d3a14f1fa791a022ef0da242",
      "id": "pool18pn6p9ef58u4ga3wagp44qhzm8f6zncl57g6qgh0pk3yytwz54h",
      "metadata": {
        "name": "ADA Capital",
        "ticker": "ADACT",
      },
      "metrics": {},
      "pledge": 1659000000000n,
    },
    "ticker": "ADACT",
    "value": 1n,
    "weight": 33,
  },
]
`;
